? VARIAN 4: EC-Keyed Affine-Equivalent Final Layer (KDFP Revised)
S(x) = A_k(Inv(B_k╖x ? b_k)) ? c_k | Output affine (A,c) driven by h1 / R-points
D Selection = NL? ? DU? ? |SAC-0.5|? | Candidates = 32 | Runs = 100
==================================================================================================================================
Melakukan warm-up...
Warm-up selesai.

Run    1: NL=112 | SAC=0.5000 | DU= 4 | Time=845.84 ms | Memory=73600.38 KB | Bijective=true
Run    2: NL=112 | SAC=0.5000 | DU= 4 | Time=890.43 ms | Memory= 9270.40 KB | Bijective=true
Run    3: NL=112 | SAC=0.5002 | DU= 4 | Time=960.19 ms | Memory=82442.09 KB | Bijective=true
Run    4: NL=112 | SAC=0.5000 | DU= 4 | Time=805.19 ms | Memory= 7092.98 KB | Bijective=true
Run    5: NL=112 | SAC=0.5002 | DU= 4 | Time=760.61 ms | Memory=48099.44 KB | Bijective=true
Run    6: NL=112 | SAC=0.5000 | DU= 4 | Time=778.93 ms | Memory=38286.59 KB | Bijective=true
Run    7: NL=112 | SAC=0.5005 | DU= 4 | Time=761.71 ms | Memory=48338.23 KB | Bijective=true
Run    8: NL=112 | SAC=0.5000 | DU= 4 | Time=760.11 ms | Memory=48979.51 KB | Bijective=true
Run    9: NL=112 | SAC=0.5000 | DU= 4 | Time=753.90 ms | Memory=27648.00 KB | Bijective=true
Run   10: NL=112 | SAC=0.5000 | DU= 4 | Time=839.54 ms | Memory=67651.45 KB | Bijective=true
Run   11: NL=112 | SAC=0.5000 | DU= 4 | Time=712.83 ms | Memory= 9996.00 KB | Bijective=true
Run   12: NL=112 | SAC=0.5005 | DU= 4 | Time=800.43 ms | Memory=37888.00 KB | Bijective=true
Run   13: NL=112 | SAC=0.5002 | DU= 4 | Time=795.44 ms | Memory=47413.41 KB | Bijective=true
Run   14: NL=112 | SAC=0.5000 | DU= 4 | Time=723.68 ms | Memory=58900.88 KB | Bijective=true
Run   15: NL=112 | SAC=0.4998 | DU= 4 | Time=810.26 ms | Memory=16610.82 KB | Bijective=true
Run   16: NL=112 | SAC=0.5002 | DU= 4 | Time=748.73 ms | Memory=47401.13 KB | Bijective=true
Run   17: NL=112 | SAC=0.4998 | DU= 4 | Time=777.36 ms | Memory=57538.67 KB | Bijective=true
Run   18: NL=112 | SAC=0.5000 | DU= 4 | Time=693.95 ms | Memory=27859.09 KB | Bijective=true
Run   19: NL=112 | SAC=0.5000 | DU= 4 | Time=719.41 ms | Memory=43144.58 KB | Bijective=true
Run   20: NL=112 | SAC=0.5000 | DU= 4 | Time=898.88 ms | Memory=57412.94 KB | Bijective=true
Run   21: NL=112 | SAC=0.4998 | DU= 4 | Time=786.54 ms | Memory=47540.53 KB | Bijective=true
Run   22: NL=112 | SAC=0.4998 | DU= 4 | Time=659.10 ms | Memory=27648.00 KB | Bijective=true
Run   23: NL=112 | SAC=0.5002 | DU= 4 | Time=618.94 ms | Memory=43147.16 KB | Bijective=true
Run   24: NL=112 | SAC=0.5000 | DU= 4 | Time=627.00 ms | Memory=67772.29 KB | Bijective=true
Run   25: NL=112 | SAC=0.5002 | DU= 4 | Time=616.17 ms | Memory=64512.00 KB | Bijective=true
Run   26: NL=112 | SAC=0.5000 | DU= 4 | Time=603.51 ms | Memory=26809.92 KB | Bijective=true
Run   27: NL=112 | SAC=0.5000 | DU= 4 | Time=624.22 ms | Memory=67666.54 KB | Bijective=true
Run   28: NL=112 | SAC=0.5000 | DU= 4 | Time=616.30 ms | Memory=53034.96 KB | Bijective=true
Run   29: NL=112 | SAC=0.4995 | DU= 4 | Time=608.12 ms | Memory=47936.02 KB | Bijective=true
Run   30: NL=112 | SAC=0.5000 | DU= 4 | Time=607.25 ms | Memory=32413.28 KB | Bijective=true
Run   31: NL=112 | SAC=0.5002 | DU= 4 | Time=656.90 ms | Memory=63269.66 KB | Bijective=true
Run   32: NL=112 | SAC=0.5000 | DU= 4 | Time=922.17 ms | Memory=48244.57 KB | Bijective=true
Run   33: NL=112 | SAC=0.5002 | DU= 4 | Time=842.49 ms | Memory=26811.17 KB | Bijective=true
Run   34: NL=112 | SAC=0.5000 | DU= 4 | Time=965.55 ms | Memory=53952.41 KB | Bijective=true
Run   35: NL=112 | SAC=0.5005 | DU= 4 | Time=816.73 ms | Memory=64219.30 KB | Bijective=true
Run   36: NL=112 | SAC=0.4998 | DU= 4 | Time=891.23 ms | Memory=53147.50 KB | Bijective=true
Run   37: NL=112 | SAC=0.5000 | DU= 4 | Time=703.66 ms | Memory=66331.34 KB | Bijective=true
Run   38: NL=112 | SAC=0.4998 | DU= 4 | Time=658.52 ms | Memory=21852.55 KB | Bijective=true
Run   39: NL=112 | SAC=0.5000 | DU= 4 | Time=756.42 ms | Memory=64282.41 KB | Bijective=true
Run   40: NL=112 | SAC=0.4993 | DU= 4 | Time=669.69 ms | Memory=25359.80 KB | Bijective=true
Run   41: NL=112 | SAC=0.5000 | DU= 4 | Time=650.28 ms | Memory=42774.23 KB | Bijective=true
Run   42: NL=112 | SAC=0.4998 | DU= 4 | Time=826.48 ms | Memory=37080.59 KB | Bijective=true
Run   43: NL=112 | SAC=0.4995 | DU= 4 | Time=771.56 ms | Memory=48331.72 KB | Bijective=true
Run   44: NL=112 | SAC=0.5002 | DU= 4 | Time=653.44 ms | Memory=48266.75 KB | Bijective=true
Run   45: NL=112 | SAC=0.5000 | DU= 4 | Time=628.55 ms | Memory=64512.00 KB | Bijective=true
Run   46: NL=112 | SAC=0.5000 | DU= 4 | Time=650.84 ms | Memory=22425.37 KB | Bijective=true
Run   47: NL=112 | SAC=0.5000 | DU= 4 | Time=643.57 ms | Memory=67649.59 KB | Bijective=true
Run   48: NL=112 | SAC=0.4998 | DU= 4 | Time=652.53 ms | Memory= 7168.00 KB | Bijective=true
Run   49: NL=112 | SAC=0.4995 | DU= 4 | Time=637.29 ms | Memory=42674.28 KB | Bijective=true
Run   50: NL=112 | SAC=0.5010 | DU= 4 | Time=707.68 ms | Memory=61998.44 KB | Bijective=true
Run   51: NL=112 | SAC=0.5000 | DU= 4 | Time=688.65 ms | Memory=45604.70 KB | Bijective=true
Run   52: NL=112 | SAC=0.4995 | DU= 4 | Time=777.25 ms | Memory=47296.88 KB | Bijective=true
Run   53: NL=112 | SAC=0.5000 | DU= 4 | Time=775.87 ms | Memory=50801.38 KB | Bijective=true
Run   54: NL=112 | SAC=0.5000 | DU= 4 | Time=660.88 ms | Memory=45648.93 KB | Bijective=true
Run   55: NL=112 | SAC=0.5000 | DU= 4 | Time=623.06 ms | Memory=27859.81 KB | Bijective=true
Run   56: NL=112 | SAC=0.4998 | DU= 4 | Time=649.85 ms | Memory=43008.00 KB | Bijective=true
Run   57: NL=112 | SAC=0.5000 | DU= 4 | Time=650.42 ms | Memory=48993.45 KB | Bijective=true
Run   58: NL=112 | SAC=0.5002 | DU= 4 | Time=641.22 ms | Memory=64512.00 KB | Bijective=true
Run   59: NL=112 | SAC=0.4995 | DU= 4 | Time=609.10 ms | Memory=22426.30 KB | Bijective=true
Run   60: NL=112 | SAC=0.5002 | DU= 4 | Time=622.88 ms | Memory=43008.00 KB | Bijective=true
Run   61: NL=112 | SAC=0.5000 | DU= 4 | Time=628.10 ms | Memory=64420.26 KB | Bijective=true
Run   62: NL=112 | SAC=0.4998 | DU= 4 | Time=984.50 ms | Memory=67256.30 KB | Bijective=true
Run   63: NL=112 | SAC=0.5000 | DU= 4 | Time=811.94 ms | Memory=11336.03 KB | Bijective=true
Run   64: NL=112 | SAC=0.5002 | DU= 4 | Time=977.62 ms | Memory=63151.98 KB | Bijective=true
Run   65: NL=112 | SAC=0.5000 | DU= 4 | Time=824.41 ms | Memory=67664.31 KB | Bijective=true
Run   66: NL=112 | SAC=0.5000 | DU= 4 | Time=920.75 ms | Memory= 6812.48 KB | Bijective=true
Run   67: NL=112 | SAC=0.5000 | DU= 4 | Time=801.68 ms | Memory=48443.68 KB | Bijective=true
Run   68: NL=112 | SAC=0.5000 | DU= 4 | Time=736.58 ms | Memory=30155.31 KB | Bijective=true
Run   69: NL=112 | SAC=0.4998 | DU= 4 | Time=849.86 ms | Memory=67143.58 KB | Bijective=true
Run   70: NL=112 | SAC=0.5002 | DU= 4 | Time=727.34 ms | Memory=50726.63 KB | Bijective=true
Run   71: NL=112 | SAC=0.5005 | DU= 4 | Time=632.32 ms | Memory=44017.19 KB | Bijective=true
Run   72: NL=112 | SAC=0.5000 | DU= 4 | Time=639.85 ms | Memory=20862.34 KB | Bijective=true
Run   73: NL=112 | SAC=0.5002 | DU= 4 | Time=648.13 ms | Memory=48338.50 KB | Bijective=true
Run   74: NL=112 | SAC=0.5000 | DU= 4 | Time=1014.47 ms | Memory=64512.00 KB | Bijective=true
Run   75: NL=112 | SAC=0.5000 | DU= 4 | Time=793.39 ms | Memory=68594.63 KB | Bijective=true
Run   76: NL=112 | SAC=0.4995 | DU= 4 | Time=700.77 ms | Memory=102800.20 KB | Bijective=true
Run   77: NL=112 | SAC=0.5000 | DU= 4 | Time=630.51 ms | Memory=27715.48 KB | Bijective=true
Run   78: NL=112 | SAC=0.5002 | DU= 4 | Time=682.61 ms | Memory=48165.51 KB | Bijective=true
Run   79: NL=112 | SAC=0.5000 | DU= 4 | Time=707.78 ms | Memory=79872.00 KB | Bijective=true
Run   80: NL=112 | SAC=0.4998 | DU= 4 | Time=656.09 ms | Memory=109463.80 KB | Bijective=true
Run   81: NL=112 | SAC=0.5000 | DU= 4 | Time=639.78 ms | Memory=27963.56 KB | Bijective=true
Run   82: NL=112 | SAC=0.5000 | DU= 4 | Time=640.06 ms | Memory=64512.00 KB | Bijective=true
Run   83: NL=112 | SAC=0.5002 | DU= 4 | Time=632.62 ms | Memory=53266.95 KB | Bijective=true
Run   84: NL=112 | SAC=0.5000 | DU= 4 | Time=831.82 ms | Memory=47772.16 KB | Bijective=true
Run   85: NL=112 | SAC=0.4998 | DU= 4 | Time=643.07 ms | Memory=27781.64 KB | Bijective=true
Run   86: NL=112 | SAC=0.5000 | DU= 4 | Time=777.51 ms | Memory=83820.86 KB | Bijective=true
Run   87: NL=112 | SAC=0.5002 | DU= 4 | Time=632.79 ms | Memory=16576.64 KB | Bijective=true
Run   88: NL=112 | SAC=0.5000 | DU= 4 | Time=726.74 ms | Memory=89257.17 KB | Bijective=true
Run   89: NL=112 | SAC=0.5000 | DU= 4 | Time=765.48 ms | Memory=22528.00 KB | Bijective=true
Run   90: NL=112 | SAC=0.5000 | DU= 4 | Time=652.10 ms | Memory=27648.00 KB | Bijective=true
Run   91: NL=112 | SAC=0.5000 | DU= 4 | Time=822.24 ms | Memory=88489.78 KB | Bijective=true
Run   92: NL=112 | SAC=0.5000 | DU= 4 | Time=686.63 ms | Memory=32564.34 KB | Bijective=true
Run   93: NL=112 | SAC=0.5000 | DU= 4 | Time=695.47 ms | Memory=27292.77 KB | Bijective=true
Run   94: NL=112 | SAC=0.5002 | DU= 4 | Time=934.86 ms | Memory=32671.25 KB | Bijective=true
Run   95: NL=112 | SAC=0.5000 | DU= 4 | Time=945.12 ms | Memory=84081.80 KB | Bijective=true
Run   96: NL=112 | SAC=0.5000 | DU= 4 | Time=774.59 ms | Memory=27648.00 KB | Bijective=true
Run   97: NL=112 | SAC=0.4995 | DU= 4 | Time=817.80 ms | Memory=42052.87 KB | Bijective=true
Run   98: NL=112 | SAC=0.5005 | DU= 4 | Time=710.12 ms | Memory=48258.53 KB | Bijective=true
Run   99: NL=112 | SAC=0.5000 | DU= 4 | Time=723.19 ms | Memory=64280.72 KB | Bijective=true
Run  100: NL=112 | SAC=0.5002 | DU= 4 | Time=789.50 ms | Memory=36933.71 KB | Bijective=true

==================================================================================================================================
=== VARIAN 4 AVERAGE (100 Runs) ===
NL          : 112.0
SAC         : 0.5000
DU          : 4.0
Waktu       : 738.20 ms
Memory      : 47404.19 KB
==================================================================================================================================
